INFO:root:log this line of execution
INFO:root:this is my print
WARNING:root:this is my warning message
ERROR:root:this is my error
CRITICAL:root:this is my critical
INFO:root:this is my info message
ERROR:root:this is my error message
CRITICAL:root:this is my critical
INFO:root:this is my info message
ERROR:root:this is my error message
CRITICAL:root:this is my critical
